/mnt/hdd1/TSFM/venv/lib/python3.11/site-packages/gluonts/json.py:102: UserWarning: Using `json`-module for json-handling. Consider installing one of `orjson`, `ujson` to speed up serialization and deserialization.
  warnings.warn(
('m1_yearly', 13179, ['m1_yearly_dataset.tsf'])
('tourism_yearly', 36749, ['tourism_yearly_dataset.tsf'])
('m1_quarterly', 21290, ['m1_quarterly_dataset.tsf'])
('nn5_weekly', 62043, ['nn5_weekly_dataset.tsf'])
('tourism_quarterly', 93833, ['tourism_quarterly_dataset.tsf'])
('m1_monthly', 120931, ['m1_monthly_dataset.tsf'])
('tourism_monthly', 199791, ['tourism_monthly_dataset.tsf'])
('nn5_daily_with_missing', 287708, ['nn5_daily_dataset_with_missing_values.tsf'])
('cif_2016', 53344, ['cif_2016_dataset.tsf'])
('car_parts_without_missing', 39609, ['car_parts_dataset_without_missing_values.tsf'])
('covid_deaths', 27335, ['covid_deaths_dataset.tsf'])
('hospital', 78110, ['hospital_dataset.tsf'])
('fred_md', 169107, ['fred_md_dataset.tsf'])
('saugeenday', 28721, ['saugeenday_dataset.tsf'])
('electricity_weekly', 147816, ['electricity_weekly_dataset.tsf'])
('sunspot_without_missing', 68476, ['sunspot_dataset_without_missing_values.tsf'])
('rideshare_without_missing', 1073443, ['rideshare_dataset_without_missing_values.tsf'])
('pedestrian_counts', 4587054, ['pedestrian_counts_dataset.tsf'])
('solar_10_minutes', 4559353, ['solar_10_minutes_dataset.tsf'])
('australian_electricity_demand', 5770526, ['australian_electricity_demand_dataset.tsf'])
