--2026-07-30 10:23:00--  https://physionet.org/content/ptb-xl/get-zip/1.0.3/
Resolving physionet.org (physionet.org)... 18.25.8.254
Connecting to physionet.org (physionet.org)|18.25.8.254|:443... connected.
HTTP request sent, awaiting response... 200 OK
Length: 1839504686 (1.7G) [application/zip]
Saving to: ‘/mnt/hdd1/TSFM/dataset/raw/ecg/ptbxl_zip/ptb-xl-1.0.3.zip’

     0K .......... .......... .......... .......... ..........  0%  101K 4h55m
    50K .......... .......... .......... .......... ..........  0%  483K 2h58m
   100K .......... .......... .......... .......... ..........  0%  189K 2h52m
   150K .......... .......... .......... .......... ..........  0%  115K 3h14m
   200K .......... .......... .......... .......... ..........  0%  423K 2h49m
   250K .......... .......... .......... .......... ..........  0%  145K 2h55m
   300K .......... .......... .......... .......... ..........  0%  175K 2h55m
   350K .......... .......... .......... .......... ..........  0%  114K 3h6m
   400K .......... .......... .......... .......... ..........  0%  136K 3h9m
   450K .......... .......... .......... .......... ..........  0%  148K 3h11m
   500K .......... .......... .......... .......... ..........  0%  154K 3h11m
   550K .......... .......... .......... .......... ..........  0%  151K 3h11m
   600K .......... .......... .......... .......... ..........  0%  161K 3h11m
   650K .......... .......... .......... .......... ..........  0%  154K 3h11m
   700K .......... .......... .......... .......... ..........  0%  164K 3h11m
   750K .......... .......... .......... .......... ..........  0%  130K 3h13m
   800K .......... .......... .......... .......... ..........  0%  173K 3h12m
   850K .......... .......... .......... .......... ..........  0%  161K 3h11m
   900K .......... .......... .......... .......... ..........  0%  133K 3h13m
   950K .......... .......... .......... .......... ..........  0%  156K 3h13m
  1000K .......... .......... .......... .......... ..........  0%  104K 3h17m
  1050K .......... .......... .......... .......... ..........  0%  220K 3h15m
  1100K .......... .......... .......... .......... ..........  0%  125K 3h17m
  1150K .......... .......... .......... .......... ..........  0%  111K 3h20m
  1200K .......... .......... .......... .......... ..........  0%  143K 3h20m
  1250K .......... .......... .......... .......... ..........  0%  137K 3h21m
  1300K .......... .......... .......... .......... ..........  0%  154K 3h20m
  1350K .......... .......... .......... .......... ..........  0%  160K 3h20m
  1400K .......... .......... .......... .......... ..........  0%  145K 3h20m
  1450K .......... .......... .......... .......... ..........  0%  174K 3h19m
  1500K .......... .......... .......... .......... ..........  0%  166K 3h18m
  1550K .......... .......... .......... .......... ..........  0%  130K 3h19m
  1600K .......... .......... .......... .......... ..........  0%  182K 3h18m
  1650K .......... .......... .......... .......... ..........  0%  187K 3h17m
  1700K .......... .......... .......... .......... ..........  0%  161K 3h17m
  1750K .......... .......... .......... .......... ..........  0%  166K 3h16m
  1800K .......... .......... .......... .......... ..........  0%  151K 3h16m
  1850K .......... .......... .......... .......... ..........  0%  162K 3h16m
  1900K .......... .......... .......... .......... ..........  0%  172K 3h15m
  1950K .......... .......... .......... .......... ..........  0%  143K 3h16m
  2000K .......... .......... .......... .......... ..........  0%  148K 3h16m
  2050K .......... .......... .......... .......... ..........  0%  177K 3h15m
  2100K .......... .......... .......... .......... ..........  0%  152K 3h15m
  2150K .......... .......... .......... .......... ..........  0%  165K 3h15m
  2200K .......... .......... .......... .......... ..........  0%  162K 3h15m
  2250K .......... .......... .......... .......... ..........  0%  123K 3h16m
  2300K .......... .......... .......... .......... ..........  0%  124K 3h17m
  2350K .......... .......... .......... .......... ..........  0% 87.5K 3h20m
  2400K .......... .......... .......... .......... ..........  0%  124K 3h21m
  2450K .......... .......... .......... .......... ..........  0%  123K 3h21m
  2500K .......... .......... .......... .......... ..........  0%  133K 3h22m
  2550K .......... .......... .......... .......... ..........  0% 85.9K 3h25m
  2600K .......... .......... .......... .......... ..........  0%  128K 3h25m
  2650K .......... .......... .......... .......... ..........  0%  122K 3h26m
  2700K .......... .......... .......... .......... ..........  0%  130K 3h26m
  2750K .......... .......... .......... .......... ..........  0% 98.3K 3h28m
  2800K .......... .......... .......... .......... ..........  0%  155K 3h28m
  2850K .......... .......... .......... .......... ..........  0%  141K 3h28m
  2900K .......... .......... .......... .......... ..........  0%  139K 3h28m
  2950K .......... .......... .......... .......... ..........  0%  142K 3h28m
  3000K .......... .......... .......... .......... ..........  0%  148K 3h28m
  3050K .......... .......... .......... .......... ..........  0%  171K 3h27m
  3100K .......... .......... .......... .......... ..........  0%  161K 3h27m
  3150K .......... .......... .......... .......... ..........  0%  128K 3h27m
  3200K .......... .......... .......... .......... ..........  0%  188K 3h27m
  3250K .......... .......... .......... .......... ..........  0%  176K 3h26m
  3300K .......... .......... .......... .......... ..........  0%  187K 3h25m
  3350K .......... .......... .......... .......... ..........  0%  198K 3h24m
  3400K .......... .......... .......... .......... ..........  0%  116K 3h25m
  3450K .......... .......... .......... .......... ..........  0%  321K 3h24m
  3500K .......... .......... .......... .......... ..........  0%  133K 3h24m
  3550K .......... .......... .......... .......... ..........  0% 91.7K 3h26m
  3600K .......... .......... .......... .......... ..........  0%  130K 3h26m
  3650K .......... .......... .......... .......... ..........  0%  130K 3h26m
  3700K .......... .......... .......... .......... ..........  0%  135K 3h26m
  3750K .......... .......... .......... .......... ..........  0%  148K 3h26m
  3800K .......... .......... .......... .......... ..........  0%  146K 3h26m
  3850K .......... .......... .......... .......... ..........  0%  151K 3h26m
  3900K .......... .......... .......... .......... ..........  0% 99.2K 3h27m
  3950K .......... .......... .......... .......... ..........  0%  172K 3h27m
  4000K .......... .......... .......... .......... ..........  0%  133K 3h27m
  4050K .......... .......... .......... .......... ..........  0%  149K 3h27m
  4100K .......... .......... .......... .......... ..........  0%  166K 3h27m
  4150K .......... .......... .......... .......... ..........  0%  165K 3h26m
  4200K .......... .......... .......... .......... ..........  0%  161K 3h26m
  4250K .......... .......... .......... .......... ..........  0%  175K 3h26m
  4300K .......... .......... .......... .......... ..........  0%  164K 3h25m
  4350K .......... .......... .......... .......... ..........  0%  125K 3h26m
  4400K .......... .......... .......... .......... ..........  0%  169K 3h25m
  4450K .......... .......... .......... .......... ..........  0%  176K 3h25m
  4500K .......... .......... .......... .......... ..........  0%  184K 3h25m
  4550K .......... .......... .......... .......... ..........  0%  176K 3h24m
  4600K .......... .......... .......... .......... ..........  0%  192K 3h24m
  4650K .......... .......... .......... .......... ..........  0%  195K 3h23m
  4700K .......... .......... .......... .......... ..........  0%  117K 3h24m
  4750K .......... .......... .......... ...